Copyright 1986-2018 Xilinx, Inc. All Rights Reserved.
-----------------------------------------------------------------------------------------------------------------------------------------------------------------------------------------------------------------------
| Tool Version : Vivado v.2018.3 (win64) Build 2405991 Thu Dec  6 23:38:27 MST 2018
| Date         : Thu Apr 11 14:03:55 2024
| Host         : DESKTOP-H8RFABU running 64-bit major release  (build 9200)
| Command      : report_methodology -file configurable_multiplication_methodology_drc_routed.rpt -pb configurable_multiplication_methodology_drc_routed.pb -rpx configurable_multiplication_methodology_drc_routed.rpx
| Design       : configurable_multiplication
| Device       : xc7z020clg484-1
| Speed File   : -1
| Design State : Fully Routed
-----------------------------------------------------------------------------------------------------------------------------------------------------------------------------------------------------------------------

Report Methodology

Table of Contents
-----------------
1. REPORT SUMMARY
2. REPORT DETAILS

1. REPORT SUMMARY
-----------------
            Netlist: netlist
          Floorplan: design_1
      Design limits: <entire design considered>
             Max violations: <unlimited>
             Violations found: 176
+-----------+----------+-------------------------------+------------+
| Rule      | Severity | Description                   | Violations |
+-----------+----------+-------------------------------+------------+
| TIMING-18 | Warning  | Missing input or output delay | 4          |
| TIMING-20 | Warning  | Non-clocked latch             | 172        |
+-----------+----------+-------------------------------+------------+

2. REPORT DETAILS
-----------------
TIMING-18#1 Warning
Missing input or output delay  
An input delay is missing on cm_i[0] relative to clock(s) clock_i
Related violations: <none>

TIMING-18#2 Warning
Missing input or output delay  
An input delay is missing on cm_i[1] relative to clock(s) clock_i
Related violations: <none>

TIMING-18#3 Warning
Missing input or output delay  
An input delay is missing on enable_i relative to clock(s) clock_i
Related violations: <none>

TIMING-18#4 Warning
Missing input or output delay  
An input delay is missing on reset_ni relative to clock(s) clock_i
Related violations: <none>

TIMING-20#1 Warning
Non-clocked latch  
The latch AHBH/acc_reg[0] cannot be properly analyzed as its control pin AHBH/acc_reg[0]/G is not reached by a timing clock
Related violations: <none>

TIMING-20#2 Warning
Non-clocked latch  
The latch AHBH/acc_reg[1] cannot be properly analyzed as its control pin AHBH/acc_reg[1]/G is not reached by a timing clock
Related violations: <none>

TIMING-20#3 Warning
Non-clocked latch  
The latch AHBH/acc_reg[2] cannot be properly analyzed as its control pin AHBH/acc_reg[2]/G is not reached by a timing clock
Related violations: <none>

TIMING-20#4 Warning
Non-clocked latch  
The latch AHBH/acc_reg[3] cannot be properly analyzed as its control pin AHBH/acc_reg[3]/G is not reached by a timing clock
Related violations: <none>

TIMING-20#5 Warning
Non-clocked latch  
The latch AHBH/acc_reg[4] cannot be properly analyzed as its control pin AHBH/acc_reg[4]/G is not reached by a timing clock
Related violations: <none>

TIMING-20#6 Warning
Non-clocked latch  
The latch AHBH/acc_reg[5] cannot be properly analyzed as its control pin AHBH/acc_reg[5]/G is not reached by a timing clock
Related violations: <none>

TIMING-20#7 Warning
Non-clocked latch  
The latch AHBH/acc_reg[6] cannot be properly analyzed as its control pin AHBH/acc_reg[6]/G is not reached by a timing clock
Related violations: <none>

TIMING-20#8 Warning
Non-clocked latch  
The latch AHBH/acc_reg[7] cannot be properly analyzed as its control pin AHBH/acc_reg[7]/G is not reached by a timing clock
Related violations: <none>

TIMING-20#9 Warning
Non-clocked latch  
The latch AHBH/count_reg[0] cannot be properly analyzed as its control pin AHBH/count_reg[0]/G is not reached by a timing clock
Related violations: <none>

TIMING-20#10 Warning
Non-clocked latch  
The latch AHBH/count_reg[1] cannot be properly analyzed as its control pin AHBH/count_reg[1]/G is not reached by a timing clock
Related violations: <none>

TIMING-20#11 Warning
Non-clocked latch  
The latch AHBH/count_reg[2] cannot be properly analyzed as its control pin AHBH/count_reg[2]/G is not reached by a timing clock
Related violations: <none>

TIMING-20#12 Warning
Non-clocked latch  
The latch AHBH/count_reg[3] cannot be properly analyzed as its control pin AHBH/count_reg[3]/G is not reached by a timing clock
Related violations: <none>

TIMING-20#13 Warning
Non-clocked latch  
The latch AHBH/count_reg[4] cannot be properly analyzed as its control pin AHBH/count_reg[4]/G is not reached by a timing clock
Related violations: <none>

TIMING-20#14 Warning
Non-clocked latch  
The latch AHBH/count_reg[5] cannot be properly analyzed as its control pin AHBH/count_reg[5]/G is not reached by a timing clock
Related violations: <none>

TIMING-20#15 Warning
Non-clocked latch  
The latch AHBH/count_reg[6] cannot be properly analyzed as its control pin AHBH/count_reg[6]/G is not reached by a timing clock
Related violations: <none>

TIMING-20#16 Warning
Non-clocked latch  
The latch AHBH/count_reg[7] cannot be properly analyzed as its control pin AHBH/count_reg[7]/G is not reached by a timing clock
Related violations: <none>

TIMING-20#17 Warning
Non-clocked latch  
The latch AHBH/data_valid_reg cannot be properly analyzed as its control pin AHBH/data_valid_reg/G is not reached by a timing clock
Related violations: <none>

TIMING-20#18 Warning
Non-clocked latch  
The latch AHBH/handle_acc_done_reg cannot be properly analyzed as its control pin AHBH/handle_acc_done_reg/G is not reached by a timing clock
Related violations: <none>

TIMING-20#19 Warning
Non-clocked latch  
The latch AHBH/product_reg[0] cannot be properly analyzed as its control pin AHBH/product_reg[0]/G is not reached by a timing clock
Related violations: <none>

TIMING-20#20 Warning
Non-clocked latch  
The latch AHBH/product_reg[10] cannot be properly analyzed as its control pin AHBH/product_reg[10]/G is not reached by a timing clock
Related violations: <none>

TIMING-20#21 Warning
Non-clocked latch  
The latch AHBH/product_reg[11] cannot be properly analyzed as its control pin AHBH/product_reg[11]/G is not reached by a timing clock
Related violations: <none>

TIMING-20#22 Warning
Non-clocked latch  
The latch AHBH/product_reg[12] cannot be properly analyzed as its control pin AHBH/product_reg[12]/G is not reached by a timing clock
Related violations: <none>

TIMING-20#23 Warning
Non-clocked latch  
The latch AHBH/product_reg[13] cannot be properly analyzed as its control pin AHBH/product_reg[13]/G is not reached by a timing clock
Related violations: <none>

TIMING-20#24 Warning
Non-clocked latch  
The latch AHBH/product_reg[14] cannot be properly analyzed as its control pin AHBH/product_reg[14]/G is not reached by a timing clock
Related violations: <none>

TIMING-20#25 Warning
Non-clocked latch  
The latch AHBH/product_reg[15] cannot be properly analyzed as its control pin AHBH/product_reg[15]/G is not reached by a timing clock
Related violations: <none>

TIMING-20#26 Warning
Non-clocked latch  
The latch AHBH/product_reg[1] cannot be properly analyzed as its control pin AHBH/product_reg[1]/G is not reached by a timing clock
Related violations: <none>

TIMING-20#27 Warning
Non-clocked latch  
The latch AHBH/product_reg[2] cannot be properly analyzed as its control pin AHBH/product_reg[2]/G is not reached by a timing clock
Related violations: <none>

TIMING-20#28 Warning
Non-clocked latch  
The latch AHBH/product_reg[3] cannot be properly analyzed as its control pin AHBH/product_reg[3]/G is not reached by a timing clock
Related violations: <none>

TIMING-20#29 Warning
Non-clocked latch  
The latch AHBH/product_reg[4] cannot be properly analyzed as its control pin AHBH/product_reg[4]/G is not reached by a timing clock
Related violations: <none>

TIMING-20#30 Warning
Non-clocked latch  
The latch AHBH/product_reg[5] cannot be properly analyzed as its control pin AHBH/product_reg[5]/G is not reached by a timing clock
Related violations: <none>

TIMING-20#31 Warning
Non-clocked latch  
The latch AHBH/product_reg[6] cannot be properly analyzed as its control pin AHBH/product_reg[6]/G is not reached by a timing clock
Related violations: <none>

TIMING-20#32 Warning
Non-clocked latch  
The latch AHBH/product_reg[7] cannot be properly analyzed as its control pin AHBH/product_reg[7]/G is not reached by a timing clock
Related violations: <none>

TIMING-20#33 Warning
Non-clocked latch  
The latch AHBH/product_reg[8] cannot be properly analyzed as its control pin AHBH/product_reg[8]/G is not reached by a timing clock
Related violations: <none>

TIMING-20#34 Warning
Non-clocked latch  
The latch AHBH/product_reg[9] cannot be properly analyzed as its control pin AHBH/product_reg[9]/G is not reached by a timing clock
Related violations: <none>

TIMING-20#35 Warning
Non-clocked latch  
The latch AHBH/q_1_reg cannot be properly analyzed as its control pin AHBH/q_1_reg/G is not reached by a timing clock
Related violations: <none>

TIMING-20#36 Warning
Non-clocked latch  
The latch AHBH/q_reg[0] cannot be properly analyzed as its control pin AHBH/q_reg[0]/G is not reached by a timing clock
Related violations: <none>

TIMING-20#37 Warning
Non-clocked latch  
The latch AHBH/q_reg[1] cannot be properly analyzed as its control pin AHBH/q_reg[1]/G is not reached by a timing clock
Related violations: <none>

TIMING-20#38 Warning
Non-clocked latch  
The latch AHBH/q_reg[2] cannot be properly analyzed as its control pin AHBH/q_reg[2]/G is not reached by a timing clock
Related violations: <none>

TIMING-20#39 Warning
Non-clocked latch  
The latch AHBH/q_reg[3] cannot be properly analyzed as its control pin AHBH/q_reg[3]/G is not reached by a timing clock
Related violations: <none>

TIMING-20#40 Warning
Non-clocked latch  
The latch AHBH/q_reg[4] cannot be properly analyzed as its control pin AHBH/q_reg[4]/G is not reached by a timing clock
Related violations: <none>

TIMING-20#41 Warning
Non-clocked latch  
The latch AHBH/q_reg[5] cannot be properly analyzed as its control pin AHBH/q_reg[5]/G is not reached by a timing clock
Related violations: <none>

TIMING-20#42 Warning
Non-clocked latch  
The latch AHBH/q_reg[6] cannot be properly analyzed as its control pin AHBH/q_reg[6]/G is not reached by a timing clock
Related violations: <none>

TIMING-20#43 Warning
Non-clocked latch  
The latch AHBH/q_reg[7] cannot be properly analyzed as its control pin AHBH/q_reg[7]/G is not reached by a timing clock
Related violations: <none>

TIMING-20#44 Warning
Non-clocked latch  
The latch AHBL/acc_reg[0] cannot be properly analyzed as its control pin AHBL/acc_reg[0]/G is not reached by a timing clock
Related violations: <none>

TIMING-20#45 Warning
Non-clocked latch  
The latch AHBL/acc_reg[1] cannot be properly analyzed as its control pin AHBL/acc_reg[1]/G is not reached by a timing clock
Related violations: <none>

TIMING-20#46 Warning
Non-clocked latch  
The latch AHBL/acc_reg[2] cannot be properly analyzed as its control pin AHBL/acc_reg[2]/G is not reached by a timing clock
Related violations: <none>

TIMING-20#47 Warning
Non-clocked latch  
The latch AHBL/acc_reg[3] cannot be properly analyzed as its control pin AHBL/acc_reg[3]/G is not reached by a timing clock
Related violations: <none>

TIMING-20#48 Warning
Non-clocked latch  
The latch AHBL/acc_reg[4] cannot be properly analyzed as its control pin AHBL/acc_reg[4]/G is not reached by a timing clock
Related violations: <none>

TIMING-20#49 Warning
Non-clocked latch  
The latch AHBL/acc_reg[5] cannot be properly analyzed as its control pin AHBL/acc_reg[5]/G is not reached by a timing clock
Related violations: <none>

TIMING-20#50 Warning
Non-clocked latch  
The latch AHBL/acc_reg[6] cannot be properly analyzed as its control pin AHBL/acc_reg[6]/G is not reached by a timing clock
Related violations: <none>

TIMING-20#51 Warning
Non-clocked latch  
The latch AHBL/acc_reg[7] cannot be properly analyzed as its control pin AHBL/acc_reg[7]/G is not reached by a timing clock
Related violations: <none>

TIMING-20#52 Warning
Non-clocked latch  
The latch AHBL/count_reg[0] cannot be properly analyzed as its control pin AHBL/count_reg[0]/G is not reached by a timing clock
Related violations: <none>

TIMING-20#53 Warning
Non-clocked latch  
The latch AHBL/count_reg[1] cannot be properly analyzed as its control pin AHBL/count_reg[1]/G is not reached by a timing clock
Related violations: <none>

TIMING-20#54 Warning
Non-clocked latch  
The latch AHBL/count_reg[2] cannot be properly analyzed as its control pin AHBL/count_reg[2]/G is not reached by a timing clock
Related violations: <none>

TIMING-20#55 Warning
Non-clocked latch  
The latch AHBL/count_reg[3] cannot be properly analyzed as its control pin AHBL/count_reg[3]/G is not reached by a timing clock
Related violations: <none>

TIMING-20#56 Warning
Non-clocked latch  
The latch AHBL/count_reg[4] cannot be properly analyzed as its control pin AHBL/count_reg[4]/G is not reached by a timing clock
Related violations: <none>

TIMING-20#57 Warning
Non-clocked latch  
The latch AHBL/count_reg[5] cannot be properly analyzed as its control pin AHBL/count_reg[5]/G is not reached by a timing clock
Related violations: <none>

TIMING-20#58 Warning
Non-clocked latch  
The latch AHBL/count_reg[6] cannot be properly analyzed as its control pin AHBL/count_reg[6]/G is not reached by a timing clock
Related violations: <none>

TIMING-20#59 Warning
Non-clocked latch  
The latch AHBL/count_reg[7] cannot be properly analyzed as its control pin AHBL/count_reg[7]/G is not reached by a timing clock
Related violations: <none>

TIMING-20#60 Warning
Non-clocked latch  
The latch AHBL/data_valid_reg cannot be properly analyzed as its control pin AHBL/data_valid_reg/G is not reached by a timing clock
Related violations: <none>

TIMING-20#61 Warning
Non-clocked latch  
The latch AHBL/handle_acc_done_reg cannot be properly analyzed as its control pin AHBL/handle_acc_done_reg/G is not reached by a timing clock
Related violations: <none>

TIMING-20#62 Warning
Non-clocked latch  
The latch AHBL/product_reg[0] cannot be properly analyzed as its control pin AHBL/product_reg[0]/G is not reached by a timing clock
Related violations: <none>

TIMING-20#63 Warning
Non-clocked latch  
The latch AHBL/product_reg[10] cannot be properly analyzed as its control pin AHBL/product_reg[10]/G is not reached by a timing clock
Related violations: <none>

TIMING-20#64 Warning
Non-clocked latch  
The latch AHBL/product_reg[11] cannot be properly analyzed as its control pin AHBL/product_reg[11]/G is not reached by a timing clock
Related violations: <none>

TIMING-20#65 Warning
Non-clocked latch  
The latch AHBL/product_reg[12] cannot be properly analyzed as its control pin AHBL/product_reg[12]/G is not reached by a timing clock
Related violations: <none>

TIMING-20#66 Warning
Non-clocked latch  
The latch AHBL/product_reg[13] cannot be properly analyzed as its control pin AHBL/product_reg[13]/G is not reached by a timing clock
Related violations: <none>

TIMING-20#67 Warning
Non-clocked latch  
The latch AHBL/product_reg[14] cannot be properly analyzed as its control pin AHBL/product_reg[14]/G is not reached by a timing clock
Related violations: <none>

TIMING-20#68 Warning
Non-clocked latch  
The latch AHBL/product_reg[15] cannot be properly analyzed as its control pin AHBL/product_reg[15]/G is not reached by a timing clock
Related violations: <none>

TIMING-20#69 Warning
Non-clocked latch  
The latch AHBL/product_reg[1] cannot be properly analyzed as its control pin AHBL/product_reg[1]/G is not reached by a timing clock
Related violations: <none>

TIMING-20#70 Warning
Non-clocked latch  
The latch AHBL/product_reg[2] cannot be properly analyzed as its control pin AHBL/product_reg[2]/G is not reached by a timing clock
Related violations: <none>

TIMING-20#71 Warning
Non-clocked latch  
The latch AHBL/product_reg[3] cannot be properly analyzed as its control pin AHBL/product_reg[3]/G is not reached by a timing clock
Related violations: <none>

TIMING-20#72 Warning
Non-clocked latch  
The latch AHBL/product_reg[4] cannot be properly analyzed as its control pin AHBL/product_reg[4]/G is not reached by a timing clock
Related violations: <none>

TIMING-20#73 Warning
Non-clocked latch  
The latch AHBL/product_reg[5] cannot be properly analyzed as its control pin AHBL/product_reg[5]/G is not reached by a timing clock
Related violations: <none>

TIMING-20#74 Warning
Non-clocked latch  
The latch AHBL/product_reg[6] cannot be properly analyzed as its control pin AHBL/product_reg[6]/G is not reached by a timing clock
Related violations: <none>

TIMING-20#75 Warning
Non-clocked latch  
The latch AHBL/product_reg[7] cannot be properly analyzed as its control pin AHBL/product_reg[7]/G is not reached by a timing clock
Related violations: <none>

TIMING-20#76 Warning
Non-clocked latch  
The latch AHBL/product_reg[8] cannot be properly analyzed as its control pin AHBL/product_reg[8]/G is not reached by a timing clock
Related violations: <none>

TIMING-20#77 Warning
Non-clocked latch  
The latch AHBL/product_reg[9] cannot be properly analyzed as its control pin AHBL/product_reg[9]/G is not reached by a timing clock
Related violations: <none>

TIMING-20#78 Warning
Non-clocked latch  
The latch AHBL/q_1_reg cannot be properly analyzed as its control pin AHBL/q_1_reg/G is not reached by a timing clock
Related violations: <none>

TIMING-20#79 Warning
Non-clocked latch  
The latch AHBL/q_reg[0] cannot be properly analyzed as its control pin AHBL/q_reg[0]/G is not reached by a timing clock
Related violations: <none>

TIMING-20#80 Warning
Non-clocked latch  
The latch AHBL/q_reg[1] cannot be properly analyzed as its control pin AHBL/q_reg[1]/G is not reached by a timing clock
Related violations: <none>

TIMING-20#81 Warning
Non-clocked latch  
The latch AHBL/q_reg[2] cannot be properly analyzed as its control pin AHBL/q_reg[2]/G is not reached by a timing clock
Related violations: <none>

TIMING-20#82 Warning
Non-clocked latch  
The latch AHBL/q_reg[3] cannot be properly analyzed as its control pin AHBL/q_reg[3]/G is not reached by a timing clock
Related violations: <none>

TIMING-20#83 Warning
Non-clocked latch  
The latch AHBL/q_reg[4] cannot be properly analyzed as its control pin AHBL/q_reg[4]/G is not reached by a timing clock
Related violations: <none>

TIMING-20#84 Warning
Non-clocked latch  
The latch AHBL/q_reg[5] cannot be properly analyzed as its control pin AHBL/q_reg[5]/G is not reached by a timing clock
Related violations: <none>

TIMING-20#85 Warning
Non-clocked latch  
The latch AHBL/q_reg[6] cannot be properly analyzed as its control pin AHBL/q_reg[6]/G is not reached by a timing clock
Related violations: <none>

TIMING-20#86 Warning
Non-clocked latch  
The latch AHBL/q_reg[7] cannot be properly analyzed as its control pin AHBL/q_reg[7]/G is not reached by a timing clock
Related violations: <none>

TIMING-20#87 Warning
Non-clocked latch  
The latch ALBH/acc_reg[0] cannot be properly analyzed as its control pin ALBH/acc_reg[0]/G is not reached by a timing clock
Related violations: <none>

TIMING-20#88 Warning
Non-clocked latch  
The latch ALBH/acc_reg[1] cannot be properly analyzed as its control pin ALBH/acc_reg[1]/G is not reached by a timing clock
Related violations: <none>

TIMING-20#89 Warning
Non-clocked latch  
The latch ALBH/acc_reg[2] cannot be properly analyzed as its control pin ALBH/acc_reg[2]/G is not reached by a timing clock
Related violations: <none>

TIMING-20#90 Warning
Non-clocked latch  
The latch ALBH/acc_reg[3] cannot be properly analyzed as its control pin ALBH/acc_reg[3]/G is not reached by a timing clock
Related violations: <none>

TIMING-20#91 Warning
Non-clocked latch  
The latch ALBH/acc_reg[4] cannot be properly analyzed as its control pin ALBH/acc_reg[4]/G is not reached by a timing clock
Related violations: <none>

TIMING-20#92 Warning
Non-clocked latch  
The latch ALBH/acc_reg[5] cannot be properly analyzed as its control pin ALBH/acc_reg[5]/G is not reached by a timing clock
Related violations: <none>

TIMING-20#93 Warning
Non-clocked latch  
The latch ALBH/acc_reg[6] cannot be properly analyzed as its control pin ALBH/acc_reg[6]/G is not reached by a timing clock
Related violations: <none>

TIMING-20#94 Warning
Non-clocked latch  
The latch ALBH/acc_reg[7] cannot be properly analyzed as its control pin ALBH/acc_reg[7]/G is not reached by a timing clock
Related violations: <none>

TIMING-20#95 Warning
Non-clocked latch  
The latch ALBH/count_reg[0] cannot be properly analyzed as its control pin ALBH/count_reg[0]/G is not reached by a timing clock
Related violations: <none>

TIMING-20#96 Warning
Non-clocked latch  
The latch ALBH/count_reg[1] cannot be properly analyzed as its control pin ALBH/count_reg[1]/G is not reached by a timing clock
Related violations: <none>

TIMING-20#97 Warning
Non-clocked latch  
The latch ALBH/count_reg[2] cannot be properly analyzed as its control pin ALBH/count_reg[2]/G is not reached by a timing clock
Related violations: <none>

TIMING-20#98 Warning
Non-clocked latch  
The latch ALBH/count_reg[3] cannot be properly analyzed as its control pin ALBH/count_reg[3]/G is not reached by a timing clock
Related violations: <none>

TIMING-20#99 Warning
Non-clocked latch  
The latch ALBH/count_reg[4] cannot be properly analyzed as its control pin ALBH/count_reg[4]/G is not reached by a timing clock
Related violations: <none>

TIMING-20#100 Warning
Non-clocked latch  
The latch ALBH/count_reg[5] cannot be properly analyzed as its control pin ALBH/count_reg[5]/G is not reached by a timing clock
Related violations: <none>

TIMING-20#101 Warning
Non-clocked latch  
The latch ALBH/count_reg[6] cannot be properly analyzed as its control pin ALBH/count_reg[6]/G is not reached by a timing clock
Related violations: <none>

TIMING-20#102 Warning
Non-clocked latch  
The latch ALBH/count_reg[7] cannot be properly analyzed as its control pin ALBH/count_reg[7]/G is not reached by a timing clock
Related violations: <none>

TIMING-20#103 Warning
Non-clocked latch  
The latch ALBH/data_valid_reg cannot be properly analyzed as its control pin ALBH/data_valid_reg/G is not reached by a timing clock
Related violations: <none>

TIMING-20#104 Warning
Non-clocked latch  
The latch ALBH/handle_acc_done_reg cannot be properly analyzed as its control pin ALBH/handle_acc_done_reg/G is not reached by a timing clock
Related violations: <none>

TIMING-20#105 Warning
Non-clocked latch  
The latch ALBH/product_reg[0] cannot be properly analyzed as its control pin ALBH/product_reg[0]/G is not reached by a timing clock
Related violations: <none>

TIMING-20#106 Warning
Non-clocked latch  
The latch ALBH/product_reg[10] cannot be properly analyzed as its control pin ALBH/product_reg[10]/G is not reached by a timing clock
Related violations: <none>

TIMING-20#107 Warning
Non-clocked latch  
The latch ALBH/product_reg[11] cannot be properly analyzed as its control pin ALBH/product_reg[11]/G is not reached by a timing clock
Related violations: <none>

TIMING-20#108 Warning
Non-clocked latch  
The latch ALBH/product_reg[12] cannot be properly analyzed as its control pin ALBH/product_reg[12]/G is not reached by a timing clock
Related violations: <none>

TIMING-20#109 Warning
Non-clocked latch  
The latch ALBH/product_reg[13] cannot be properly analyzed as its control pin ALBH/product_reg[13]/G is not reached by a timing clock
Related violations: <none>

TIMING-20#110 Warning
Non-clocked latch  
The latch ALBH/product_reg[14] cannot be properly analyzed as its control pin ALBH/product_reg[14]/G is not reached by a timing clock
Related violations: <none>

TIMING-20#111 Warning
Non-clocked latch  
The latch ALBH/product_reg[15] cannot be properly analyzed as its control pin ALBH/product_reg[15]/G is not reached by a timing clock
Related violations: <none>

TIMING-20#112 Warning
Non-clocked latch  
The latch ALBH/product_reg[1] cannot be properly analyzed as its control pin ALBH/product_reg[1]/G is not reached by a timing clock
Related violations: <none>

TIMING-20#113 Warning
Non-clocked latch  
The latch ALBH/product_reg[2] cannot be properly analyzed as its control pin ALBH/product_reg[2]/G is not reached by a timing clock
Related violations: <none>

TIMING-20#114 Warning
Non-clocked latch  
The latch ALBH/product_reg[3] cannot be properly analyzed as its control pin ALBH/product_reg[3]/G is not reached by a timing clock
Related violations: <none>

TIMING-20#115 Warning
Non-clocked latch  
The latch ALBH/product_reg[4] cannot be properly analyzed as its control pin ALBH/product_reg[4]/G is not reached by a timing clock
Related violations: <none>

TIMING-20#116 Warning
Non-clocked latch  
The latch ALBH/product_reg[5] cannot be properly analyzed as its control pin ALBH/product_reg[5]/G is not reached by a timing clock
Related violations: <none>

TIMING-20#117 Warning
Non-clocked latch  
The latch ALBH/product_reg[6] cannot be properly analyzed as its control pin ALBH/product_reg[6]/G is not reached by a timing clock
Related violations: <none>

TIMING-20#118 Warning
Non-clocked latch  
The latch ALBH/product_reg[7] cannot be properly analyzed as its control pin ALBH/product_reg[7]/G is not reached by a timing clock
Related violations: <none>

TIMING-20#119 Warning
Non-clocked latch  
The latch ALBH/product_reg[8] cannot be properly analyzed as its control pin ALBH/product_reg[8]/G is not reached by a timing clock
Related violations: <none>

TIMING-20#120 Warning
Non-clocked latch  
The latch ALBH/product_reg[9] cannot be properly analyzed as its control pin ALBH/product_reg[9]/G is not reached by a timing clock
Related violations: <none>

TIMING-20#121 Warning
Non-clocked latch  
The latch ALBH/q_1_reg cannot be properly analyzed as its control pin ALBH/q_1_reg/G is not reached by a timing clock
Related violations: <none>

TIMING-20#122 Warning
Non-clocked latch  
The latch ALBH/q_reg[0] cannot be properly analyzed as its control pin ALBH/q_reg[0]/G is not reached by a timing clock
Related violations: <none>

TIMING-20#123 Warning
Non-clocked latch  
The latch ALBH/q_reg[1] cannot be properly analyzed as its control pin ALBH/q_reg[1]/G is not reached by a timing clock
Related violations: <none>

TIMING-20#124 Warning
Non-clocked latch  
The latch ALBH/q_reg[2] cannot be properly analyzed as its control pin ALBH/q_reg[2]/G is not reached by a timing clock
Related violations: <none>

TIMING-20#125 Warning
Non-clocked latch  
The latch ALBH/q_reg[3] cannot be properly analyzed as its control pin ALBH/q_reg[3]/G is not reached by a timing clock
Related violations: <none>

TIMING-20#126 Warning
Non-clocked latch  
The latch ALBH/q_reg[4] cannot be properly analyzed as its control pin ALBH/q_reg[4]/G is not reached by a timing clock
Related violations: <none>

TIMING-20#127 Warning
Non-clocked latch  
The latch ALBH/q_reg[5] cannot be properly analyzed as its control pin ALBH/q_reg[5]/G is not reached by a timing clock
Related violations: <none>

TIMING-20#128 Warning
Non-clocked latch  
The latch ALBH/q_reg[6] cannot be properly analyzed as its control pin ALBH/q_reg[6]/G is not reached by a timing clock
Related violations: <none>

TIMING-20#129 Warning
Non-clocked latch  
The latch ALBH/q_reg[7] cannot be properly analyzed as its control pin ALBH/q_reg[7]/G is not reached by a timing clock
Related violations: <none>

TIMING-20#130 Warning
Non-clocked latch  
The latch ALBL/acc_reg[0] cannot be properly analyzed as its control pin ALBL/acc_reg[0]/G is not reached by a timing clock
Related violations: <none>

TIMING-20#131 Warning
Non-clocked latch  
The latch ALBL/acc_reg[1] cannot be properly analyzed as its control pin ALBL/acc_reg[1]/G is not reached by a timing clock
Related violations: <none>

TIMING-20#132 Warning
Non-clocked latch  
The latch ALBL/acc_reg[2] cannot be properly analyzed as its control pin ALBL/acc_reg[2]/G is not reached by a timing clock
Related violations: <none>

TIMING-20#133 Warning
Non-clocked latch  
The latch ALBL/acc_reg[3] cannot be properly analyzed as its control pin ALBL/acc_reg[3]/G is not reached by a timing clock
Related violations: <none>

TIMING-20#134 Warning
Non-clocked latch  
The latch ALBL/acc_reg[4] cannot be properly analyzed as its control pin ALBL/acc_reg[4]/G is not reached by a timing clock
Related violations: <none>

TIMING-20#135 Warning
Non-clocked latch  
The latch ALBL/acc_reg[5] cannot be properly analyzed as its control pin ALBL/acc_reg[5]/G is not reached by a timing clock
Related violations: <none>

TIMING-20#136 Warning
Non-clocked latch  
The latch ALBL/acc_reg[6] cannot be properly analyzed as its control pin ALBL/acc_reg[6]/G is not reached by a timing clock
Related violations: <none>

TIMING-20#137 Warning
Non-clocked latch  
The latch ALBL/acc_reg[7] cannot be properly analyzed as its control pin ALBL/acc_reg[7]/G is not reached by a timing clock
Related violations: <none>

TIMING-20#138 Warning
Non-clocked latch  
The latch ALBL/count_reg[0] cannot be properly analyzed as its control pin ALBL/count_reg[0]/G is not reached by a timing clock
Related violations: <none>

TIMING-20#139 Warning
Non-clocked latch  
The latch ALBL/count_reg[1] cannot be properly analyzed as its control pin ALBL/count_reg[1]/G is not reached by a timing clock
Related violations: <none>

TIMING-20#140 Warning
Non-clocked latch  
The latch ALBL/count_reg[2] cannot be properly analyzed as its control pin ALBL/count_reg[2]/G is not reached by a timing clock
Related violations: <none>

TIMING-20#141 Warning
Non-clocked latch  
The latch ALBL/count_reg[3] cannot be properly analyzed as its control pin ALBL/count_reg[3]/G is not reached by a timing clock
Related violations: <none>

TIMING-20#142 Warning
Non-clocked latch  
The latch ALBL/count_reg[4] cannot be properly analyzed as its control pin ALBL/count_reg[4]/G is not reached by a timing clock
Related violations: <none>

TIMING-20#143 Warning
Non-clocked latch  
The latch ALBL/count_reg[5] cannot be properly analyzed as its control pin ALBL/count_reg[5]/G is not reached by a timing clock
Related violations: <none>

TIMING-20#144 Warning
Non-clocked latch  
The latch ALBL/count_reg[6] cannot be properly analyzed as its control pin ALBL/count_reg[6]/G is not reached by a timing clock
Related violations: <none>

TIMING-20#145 Warning
Non-clocked latch  
The latch ALBL/count_reg[7] cannot be properly analyzed as its control pin ALBL/count_reg[7]/G is not reached by a timing clock
Related violations: <none>

TIMING-20#146 Warning
Non-clocked latch  
The latch ALBL/data_valid_reg cannot be properly analyzed as its control pin ALBL/data_valid_reg/G is not reached by a timing clock
Related violations: <none>

TIMING-20#147 Warning
Non-clocked latch  
The latch ALBL/handle_acc_done_reg cannot be properly analyzed as its control pin ALBL/handle_acc_done_reg/G is not reached by a timing clock
Related violations: <none>

TIMING-20#148 Warning
Non-clocked latch  
The latch ALBL/product_reg[0] cannot be properly analyzed as its control pin ALBL/product_reg[0]/G is not reached by a timing clock
Related violations: <none>

TIMING-20#149 Warning
Non-clocked latch  
The latch ALBL/product_reg[10] cannot be properly analyzed as its control pin ALBL/product_reg[10]/G is not reached by a timing clock
Related violations: <none>

TIMING-20#150 Warning
Non-clocked latch  
The latch ALBL/product_reg[11] cannot be properly analyzed as its control pin ALBL/product_reg[11]/G is not reached by a timing clock
Related violations: <none>

TIMING-20#151 Warning
Non-clocked latch  
The latch ALBL/product_reg[12] cannot be properly analyzed as its control pin ALBL/product_reg[12]/G is not reached by a timing clock
Related violations: <none>

TIMING-20#152 Warning
Non-clocked latch  
The latch ALBL/product_reg[13] cannot be properly analyzed as its control pin ALBL/product_reg[13]/G is not reached by a timing clock
Related violations: <none>

TIMING-20#153 Warning
Non-clocked latch  
The latch ALBL/product_reg[14] cannot be properly analyzed as its control pin ALBL/product_reg[14]/G is not reached by a timing clock
Related violations: <none>

TIMING-20#154 Warning
Non-clocked latch  
The latch ALBL/product_reg[15] cannot be properly analyzed as its control pin ALBL/product_reg[15]/G is not reached by a timing clock
Related violations: <none>

TIMING-20#155 Warning
Non-clocked latch  
The latch ALBL/product_reg[1] cannot be properly analyzed as its control pin ALBL/product_reg[1]/G is not reached by a timing clock
Related violations: <none>

TIMING-20#156 Warning
Non-clocked latch  
The latch ALBL/product_reg[2] cannot be properly analyzed as its control pin ALBL/product_reg[2]/G is not reached by a timing clock
Related violations: <none>

TIMING-20#157 Warning
Non-clocked latch  
The latch ALBL/product_reg[3] cannot be properly analyzed as its control pin ALBL/product_reg[3]/G is not reached by a timing clock
Related violations: <none>

TIMING-20#158 Warning
Non-clocked latch  
The latch ALBL/product_reg[4] cannot be properly analyzed as its control pin ALBL/product_reg[4]/G is not reached by a timing clock
Related violations: <none>

TIMING-20#159 Warning
Non-clocked latch  
The latch ALBL/product_reg[5] cannot be properly analyzed as its control pin ALBL/product_reg[5]/G is not reached by a timing clock
Related violations: <none>

TIMING-20#160 Warning
Non-clocked latch  
The latch ALBL/product_reg[6] cannot be properly analyzed as its control pin ALBL/product_reg[6]/G is not reached by a timing clock
Related violations: <none>

TIMING-20#161 Warning
Non-clocked latch  
The latch ALBL/product_reg[7] cannot be properly analyzed as its control pin ALBL/product_reg[7]/G is not reached by a timing clock
Related violations: <none>

TIMING-20#162 Warning
Non-clocked latch  
The latch ALBL/product_reg[8] cannot be properly analyzed as its control pin ALBL/product_reg[8]/G is not reached by a timing clock
Related violations: <none>

TIMING-20#163 Warning
Non-clocked latch  
The latch ALBL/product_reg[9] cannot be properly analyzed as its control pin ALBL/product_reg[9]/G is not reached by a timing clock
Related violations: <none>

TIMING-20#164 Warning
Non-clocked latch  
The latch ALBL/q_1_reg cannot be properly analyzed as its control pin ALBL/q_1_reg/G is not reached by a timing clock
Related violations: <none>

TIMING-20#165 Warning
Non-clocked latch  
The latch ALBL/q_reg[0] cannot be properly analyzed as its control pin ALBL/q_reg[0]/G is not reached by a timing clock
Related violations: <none>

TIMING-20#166 Warning
Non-clocked latch  
The latch ALBL/q_reg[1] cannot be properly analyzed as its control pin ALBL/q_reg[1]/G is not reached by a timing clock
Related violations: <none>

TIMING-20#167 Warning
Non-clocked latch  
The latch ALBL/q_reg[2] cannot be properly analyzed as its control pin ALBL/q_reg[2]/G is not reached by a timing clock
Related violations: <none>

TIMING-20#168 Warning
Non-clocked latch  
The latch ALBL/q_reg[3] cannot be properly analyzed as its control pin ALBL/q_reg[3]/G is not reached by a timing clock
Related violations: <none>

TIMING-20#169 Warning
Non-clocked latch  
The latch ALBL/q_reg[4] cannot be properly analyzed as its control pin ALBL/q_reg[4]/G is not reached by a timing clock
Related violations: <none>

TIMING-20#170 Warning
Non-clocked latch  
The latch ALBL/q_reg[5] cannot be properly analyzed as its control pin ALBL/q_reg[5]/G is not reached by a timing clock
Related violations: <none>

TIMING-20#171 Warning
Non-clocked latch  
The latch ALBL/q_reg[6] cannot be properly analyzed as its control pin ALBL/q_reg[6]/G is not reached by a timing clock
Related violations: <none>

TIMING-20#172 Warning
Non-clocked latch  
The latch ALBL/q_reg[7] cannot be properly analyzed as its control pin ALBL/q_reg[7]/G is not reached by a timing clock
Related violations: <none>


